// Jest Snapshot v1, https://goo.gl/fbAQLP

exports[`InputText Component matches the snapshot 1`] = `
<DocumentFragment>
  <input
    class="root InputText"
    placeholder="My placeholder"
    type="text"
  />
</DocumentFragment>
`;
