// Jest Snapshot v1, https://goo.gl/fbAQLP

exports[`matches the snapshot 1`] = `
<DocumentFragment>
  <p
    class="root"
  >
    My text
  </p>
</DocumentFragment>
`;
